Archive member included to satisfy reference by file (symbol)

C:/ST/STM32CubeIDE_1.14.1/STM32CubeIDE/plugins/com.st.stm32cube.ide.mcu.externaltools.gnu-tools-for-stm32.11.3.rel1.win32_1.1.100.202309141235/tools/bin/../lib/gcc/arm-none-eabi/11.3.1/../../../../arm-none-eabi/lib/thumb/v7-m/nofp\libc_nano.a(libc_a-exit.o)
                              C:/ST/STM32CubeIDE_1.14.1/STM32CubeIDE/plugins/com.st.stm32cube.ide.mcu.externaltools.gnu-tools-for-stm32.11.3.rel1.win32_1.1.100.202309141235/tools/bin/../lib/gcc/arm-none-eabi/11.3.1/../../../../arm-none-eabi/lib/thumb/v7-m/nofp/crt0.o (exit)
C:/ST/STM32CubeIDE_1.14.1/STM32CubeIDE/plugins/com.st.stm32cube.ide.mcu.externaltools.gnu-tools-for-stm32.11.3.rel1.win32_1.1.100.202309141235/tools/bin/../lib/gcc/arm-none-eabi/11.3.1/../../../../arm-none-eabi/lib/thumb/v7-m/nofp\libc_nano.a(libc_a-findfp.o)
                              C:/ST/STM32CubeIDE_1.14.1/STM32CubeIDE/plugins/com.st.stm32cube.ide.mcu.externaltools.gnu-tools-for-stm32.11.3.rel1.win32_1.1.100.202309141235/tools/bin/../lib/gcc/arm-none-eabi/11.3.1/../../../../arm-none-eabi/lib/thumb/v7-m/nofp\libc_nano.a(libc_a-exit.o) (__stdio_exit_handler)
C:/ST/STM32CubeIDE_1.14.1/STM32CubeIDE/plugins/com.st.stm32cube.ide.mcu.externaltools.gnu-tools-for-stm32.11.3.rel1.win32_1.1.100.202309141235/tools/bin/../lib/gcc/arm-none-eabi/11.3.1/../../../../arm-none-eabi/lib/thumb/v7-m/nofp\libc_nano.a(libc_a-fwalk.o)
                              C:/ST/STM32CubeIDE_1.14.1/STM32CubeIDE/plugins/com.st.stm32cube.ide.mcu.externaltools.gnu-tools-for-stm32.11.3.rel1.win32_1.1.100.202309141235/tools/bin/../lib/gcc/arm-none-eabi/11.3.1/../../../../arm-none-eabi/lib/thumb/v7-m/nofp\libc_nano.a(libc_a-findfp.o) (_fwalk_sglue)
C:/ST/STM32CubeIDE_1.14.1/STM32CubeIDE/plugins/com.st.stm32cube.ide.mcu.externaltools.gnu-tools-for-stm32.11.3.rel1.win32_1.1.100.202309141235/tools/bin/../lib/gcc/arm-none-eabi/11.3.1/../../../../arm-none-eabi/lib/thumb/v7-m/nofp\libc_nano.a(libc_a-stdio.o)
                              C:/ST/STM32CubeIDE_1.14.1/STM32CubeIDE/plugins/com.st.stm32cube.ide.mcu.externaltools.gnu-tools-for-stm32.11.3.rel1.win32_1.1.100.202309141235/tools/bin/../lib/gcc/arm-none-eabi/11.3.1/../../../../arm-none-eabi/lib/thumb/v7-m/nofp\libc_nano.a(libc_a-findfp.o) (__sread)
C:/ST/STM32CubeIDE_1.14.1/STM32CubeIDE/plugins/com.st.stm32cube.ide.mcu.externaltools.gnu-tools-for-stm32.11.3.rel1.win32_1.1.100.202309141235/tools/bin/../lib/gcc/arm-none-eabi/11.3.1/../../../../arm-none-eabi/lib/thumb/v7-m/nofp\libc_nano.a(libc_a-memset.o)
                              C:/ST/STM32CubeIDE_1.14.1/STM32CubeIDE/plugins/com.st.stm32cube.ide.mcu.externaltools.gnu-tools-for-stm32.11.3.rel1.win32_1.1.100.202309141235/tools/bin/../lib/gcc/arm-none-eabi/11.3.1/../../../../arm-none-eabi/lib/thumb/v7-m/nofp/crt0.o (memset)
C:/ST/STM32CubeIDE_1.14.1/STM32CubeIDE/plugins/com.st.stm32cube.ide.mcu.externaltools.gnu-tools-for-stm32.11.3.rel1.win32_1.1.100.202309141235/tools/bin/../lib/gcc/arm-none-eabi/11.3.1/../../../../arm-none-eabi/lib/thumb/v7-m/nofp\libc_nano.a(libc_a-closer.o)
                              C:/ST/STM32CubeIDE_1.14.1/STM32CubeIDE/plugins/com.st.stm32cube.ide.mcu.externaltools.gnu-tools-for-stm32.11.3.rel1.win32_1.1.100.202309141235/tools/bin/../lib/gcc/arm-none-eabi/11.3.1/../../../../arm-none-eabi/lib/thumb/v7-m/nofp\libc_nano.a(libc_a-stdio.o) (_close_r)
C:/ST/STM32CubeIDE_1.14.1/STM32CubeIDE/plugins/com.st.stm32cube.ide.mcu.externaltools.gnu-tools-for-stm32.11.3.rel1.win32_1.1.100.202309141235/tools/bin/../lib/gcc/arm-none-eabi/11.3.1/../../../../arm-none-eabi/lib/thumb/v7-m/nofp\libc_nano.a(libc_a-reent.o)
                              C:/ST/STM32CubeIDE_1.14.1/STM32CubeIDE/plugins/com.st.stm32cube.ide.mcu.externaltools.gnu-tools-for-stm32.11.3.rel1.win32_1.1.100.202309141235/tools/bin/../lib/gcc/arm-none-eabi/11.3.1/../../../../arm-none-eabi/lib/thumb/v7-m/nofp\libc_nano.a(libc_a-closer.o) (errno)
C:/ST/STM32CubeIDE_1.14.1/STM32CubeIDE/plugins/com.st.stm32cube.ide.mcu.externaltools.gnu-tools-for-stm32.11.3.rel1.win32_1.1.100.202309141235/tools/bin/../lib/gcc/arm-none-eabi/11.3.1/../../../../arm-none-eabi/lib/thumb/v7-m/nofp\libc_nano.a(libc_a-impure.o)
                              C:/ST/STM32CubeIDE_1.14.1/STM32CubeIDE/plugins/com.st.stm32cube.ide.mcu.externaltools.gnu-tools-for-stm32.11.3.rel1.win32_1.1.100.202309141235/tools/bin/../lib/gcc/arm-none-eabi/11.3.1/../../../../arm-none-eabi/lib/thumb/v7-m/nofp\libc_nano.a(libc_a-reent.o) (_impure_ptr)
C:/ST/STM32CubeIDE_1.14.1/STM32CubeIDE/plugins/com.st.stm32cube.ide.mcu.externaltools.gnu-tools-for-stm32.11.3.rel1.win32_1.1.100.202309141235/tools/bin/../lib/gcc/arm-none-eabi/11.3.1/../../../../arm-none-eabi/lib/thumb/v7-m/nofp\libc_nano.a(libc_a-lseekr.o)
[...]
Memory Configuration

Name             Origin             Length             Attributes
RAM              0x0000000020000000 0x000000000000c000 xrw
FLASH            0x0000000008000000 0x0000000000040000 xr
*default*        0x0000000000000000 0xffffffffffffffff

Linker script and memory map

LOAD C:/ST/STM32CubeIDE_1.14.1/STM32CubeIDE/plugins/com.st.stm32cube.ide.mcu.externaltools.gnu-tools-for-stm32.11.3.rel1.win32_1.1.100.202309141235/tools/bin/../lib/gcc/arm-none-eabi/11.3.1/thumb/v7-m/nofp/crti.o
LOAD C:/ST/STM32CubeIDE_1.14.1/STM32CubeIDE/plugins/com.st.stm32cube.ide.mcu.externaltools.gnu-tools-for-stm32.11.3.rel1.win32_1.1.100.202309141235/tools/bin/../lib/gcc/arm-none-eabi/11.3.1/thumb/v7-m/nofp/crtbegin.o
LOAD C:/ST/STM32CubeIDE_1.14.1/STM32CubeIDE/plugins/com.st.stm32cube.ide.mcu.externaltools.gnu-tools-for-stm32.11.3.rel1.win32_1.1.100.202309141235/tools/bin/../lib/gcc/arm-none-eabi/11.3.1/../../../../arm-none-eabi/lib/thumb/v7-m/nofp/crt0.o
LOAD ./Core/Src/main.o
LOAD ./Core/Src/stm32f1xx_hal_msp.o
LOAD ./Core/Src/stm32f1xx_it.o
LOAD ./Core/Src/syscalls.o
LOAD ./Core/Src/sysmem.o
LOAD ./Core/Src/system_stm32f1xx.o
LOAD ./Core/Startup/startup_stm32f103rctx.o
LOAD ./Drivers/STM32F1xx_HAL_Driver/Src/stm32f1xx_hal.o
LOAD ./Drivers/STM32F1xx_HAL_Driver/Src/stm32f1xx_hal_cortex.o
LOAD ./Drivers/STM32F1xx_HAL_Driver/Src/stm32f1xx_hal_dma.o
LOAD ./Drivers/STM32F1xx_HAL_Driver/Src/stm32f1xx_hal_exti.o
LOAD ./Drivers/STM32F1xx_HAL_Driver/Src/stm32f1xx_hal_flash.o
LOAD ./Drivers/STM32F1xx_HAL_Driver/Src/stm32f1xx_hal_flash_ex.o
LOAD ./Drivers/STM32F1xx_HAL_Driver/Src/stm32f1xx_hal_gpio.o
LOAD ./Drivers/STM32F1xx_HAL_Driver/Src/stm32f1xx_hal_gpio_ex.o
LOAD ./Drivers/STM32F1xx_HAL_Driver/Src/stm32f1xx_hal_pwr.o
LOAD ./Drivers/STM32F1xx_HAL_Driver/Src/stm32f1xx_hal_rcc.o
LOAD ./Drivers/STM32F1xx_HAL_Driver/Src/stm32f1xx_hal_rcc_ex.o
LOAD ./Drivers/STM32F1xx_HAL_Driver/Src/stm32f1xx_hal_spi.o
LOAD ./Drivers/STM32F1xx_HAL_Driver/Src/stm32f1xx_hal_tim.o
LOAD ./Drivers/STM32F1xx_HAL_Driver/Src/stm32f1xx_hal_tim_ex.o
LOAD ./Libs/App/GUI/Icon/Src/icon_check.o
LOAD ./Libs/App/GUI/Icon/Src/icon_delete.o
LOAD ./Libs/App/GUI/Icon/Src/icon_wifi.o
LOAD ./Libs/App/GUI/Screen/Src/screen_1.o
LOAD ./Libs/App/GUI/Screen/Src/screen_2.o
LOAD ./Libs/App/GUI/Screen/Src/screen_3.o
LOAD ./Libs/App/GUI/Screen/Src/screen_4.o
LOAD ./Libs/Driver/ILI9341/ili9341.o
LOAD ./Libs/Driver/XPT2046/touch.o
LOAD ./Libs/Middleware/Calibrate/calibrate.o
LOAD ./Libs/Middleware/Graphics/graphics.o
START GROUP
LOAD C:/ST/STM32CubeIDE_1.14.1/STM32CubeIDE/plugins/com.st.stm32cube.ide.mcu.externaltools.gnu-tools-for-stm32.11.3.rel1.win32_1.1.100.202309141235/tools/bin/../lib/gcc/arm-none-eabi/11.3.1/../../../../arm-none-eabi/lib/thumb/v7-m/nofp\libc_nano.a
LOAD C:/ST/STM32CubeIDE_1.14.1/STM32CubeIDE/plugins/com.st.stm32cube.ide.mcu.externaltools.gnu-tools-for-stm32.11.3.rel1.win32_1.1.100.202309141235/tools/bin/../lib/gcc/arm-none-eabi/11.3.1/../../../../arm-none-eabi/lib/thumb/v7-m/nofp\libm.a
END GROUP
START GROUP
LOAD C:/ST/STM32CubeIDE_1.14.1/STM32CubeIDE/plugins/com.st.stm32cube.ide.mcu.externaltools.gnu-tools-for-stm32.11.3.rel1.win32_1.1.100.202309141235/tools/bin/../lib/gcc/arm-none-eabi/11.3.1/thumb/v7-m/nofp\libgcc.a
LOAD C:/ST/STM32CubeIDE_1.14.1/STM32CubeIDE/plugins/com.st.stm32cube.ide.mcu.externaltools.gnu-tools-for-stm32.11.3.rel1.win32_1.1.100.202309141235/tools/bin/../lib/gcc/arm-none-eabi/11.3.1/../../../../arm-none-eabi/lib/thumb/v7-m/nofp\libc_nano.a
END GROUP
START GROUP
LOAD C:/ST/STM32CubeIDE_1.14.1/STM32CubeIDE/plugins/com.st.stm32cube.ide.mcu.externaltools.gnu-tools-for-stm32.11.3.rel1.win32_1.1.100.202309141235/tools/bin/../lib/gcc/arm-none-eabi/11.3.1/thumb/v7-m/nofp\libgcc.a
LOAD C:/ST/STM32CubeIDE_1.14.1/STM32CubeIDE/plugins/com.st.stm32cube.ide.mcu.externaltools.gnu-tools-for-stm32.11.3.rel1.win32_1.1.100.202309141235/tools/bin/../lib/gcc/arm-none-eabi/11.3.1/../../../../arm-none-eabi/lib/thumb/v7-m/nofp\libc_nano.a
LOAD C:/ST/STM32CubeIDE_1.14.1/STM32CubeIDE/plugins/com.st.stm32cube.ide.mcu.externaltools.gnu-tools-for-stm32.11.3.rel1.win32_1.1.100.202309141235/tools/bin/../lib/gcc/arm-none-eabi/11.3.1/../../../../arm-none-eabi/lib/thumb/v7-m/nofp\libnosys.a
END GROUP
START GROUP
LOAD C:/ST/STM32CubeIDE_1.14.1/STM32CubeIDE/plugins/com.st.stm32cube.ide.mcu.externaltools.gnu-tools-for-stm32.11.3.rel1.win32_1.1.100.202309141235/tools/bin/../lib/gcc/arm-none-eabi/11.3.1/thumb/v7-m/nofp\libgcc.a
LOAD C:/ST/STM32CubeIDE_1.14.1/STM32CubeIDE/plugins/com.st.stm32cube.ide.mcu.externaltools.gnu-tools-for-stm32.11.3.rel1.win32_1.1.100.202309141235/tools/bin/../lib/gcc/arm-none-eabi/11.3.1/../../../../arm-none-eabi/lib/thumb/v7-m/nofp\libc_nano.a
LOAD C:/ST/STM32CubeIDE_1.14.1/STM32CubeIDE/plugins/com.st.stm32cube.ide.mcu.externaltools.gnu-tools-for-stm32.11.3.rel1.win32_1.1.100.202309141235/tools/bin/../lib/gcc/arm-none-eabi/11.3.1/../../../../arm-none-eabi/lib/thumb/v7-m/nofp\libnosys.a
END GROUP
LOAD C:/ST/STM32CubeIDE_1.14.1/STM32CubeIDE/plugins/com.st.stm32cube.ide.mcu.externaltools.gnu-tools-for-stm32.11.3.rel1.win32_1.1.100.202309141235/tools/bin/../lib/gcc/arm-none-eabi/11.3.1/thumb/v7-m/nofp/crtend.o
LOAD C:/ST/STM32CubeIDE_1.14.1/STM32CubeIDE/plugins/com.st.stm32cube.ide.mcu.externaltools.gnu-tools-for-stm32.11.3.rel1.win32_1.1.100.202309141235/tools/bin/../lib/gcc/arm-none-eabi/11.3.1/thumb/v7-m/nofp/crtn.o
                0x000000002000c000                _estack = (ORIGIN (RAM) + LENGTH (RAM))
                0x0000000000000200                _Min_Heap_Size = 0x200
                0x0000000000000400                _Min_Stack_Size = 0x400

.isr_vector     0x0000000008000000      0x1e4
                0x0000000008000000                . = ALIGN (0x4)
 *(.isr_vector)
 .isr_vector    0x0000000008000000      0x1e4 ./Core/Startup/startup_stm32f103rctx.o
                0x0000000008000000                g_pfnVectors
                0x00000000080001e4                . = ALIGN (0x4)

.text           0x00000000080001e4     0x1958
                0x00000000080001e4                . = ALIGN (0x4)
 *(.text)
 .text          0x00000000080001e4       0x40 C:/ST/STM32CubeIDE_1.14.1/STM32CubeIDE/plugins/com.st.stm32cube.ide.mcu.externaltools.gnu-tools-for-stm32.11.3.rel1.win32_1.1.100.202309141235/tools/bin/../lib/gcc/arm-none-eabi/11.3.1/thumb/v7-m/nofp/crtbegin.o
 *(.text*)
 .text.main     0x0000000008000224       0x1e ./Core/Src/main.o
                0x0000000008000224                main
 .text.SystemClock_Config
                0x0000000008000242       0x76 ./Core/Src/main.o
                0x0000000008000242                SystemClock_Config
 .text.MX_SPI1_Init
                0x00000000080002b8       0x6c ./Core/Src/main.o
 .text.MX_SPI2_Init
                0x0000000008000324       0x6c ./Core/Src/main.o
 .text.MX_DMA_Init
                0x0000000008000390       0x3c ./Core/Src/main.o
 .text.MX_GPIO_Init
                0x00000000080003cc       0x44 ./Core/Src/main.o
 .text.Error_Handler
                0x0000000008000410        0xa ./Core/Src/main.o
                0x0000000008000410                Error_Handler
 *fill*         0x000000000800041a        0x2 
 .text.HAL_MspInit
                0x000000000800041c       0x64 ./Core/Src/stm32f1xx_hal_msp.o
                0x000000000800041c                HAL_MspInit
 .text.HAL_SPI_MspInit
                0x0000000008000480      0x160 ./Core/Src/stm32f1xx_hal_msp.o
                0x0000000008000480                HAL_SPI_MspInit
 .text.NMI_Handler
                0x00000000080005e0        0x6 ./Core/Src/stm32f1xx_it.o
                0x00000000080005e0                NMI_Handler
 .text.HardFault_Handler
                0x00000000080005e6        0x6 ./Core/Src/stm32f1xx_it.o
                0x00000000080005e6                HardFault_Handler
 .text.MemManage_Handler
                0x00000000080005ec        0x6 ./Core/Src/stm32f1xx_it.o
                0x00000000080005ec                MemManage_Handler
 .text.BusFault_Handler
                0x00000000080005f2        0x6 ./Core/Src/stm32f1xx_it.o
                0x00000000080005f2                BusFault_Handler
 .text.UsageFault_Handler
                0x00000000080005f8        0x6 ./Core/Src/stm32f1xx_it.o
                0x00000000080005f8                UsageFault_Handler
 .text.SVC_Handler
                0x00000000080005fe        0xc ./Core/Src/stm32f1xx_it.o
                0x00000000080005fe                SVC_Handler
 .text.DebugMon_Handler
                0x000000000800060a        0xc ./Core/Src/stm32f1xx_it.o
                0x000000000800060a                DebugMon_Handler
 .text.PendSV_Handler
                0x0000000008000616        0xc ./Core/Src/stm32f1xx_it.o
                0x0000000008000616                PendSV_Handler
 .text.SysTick_Handler
                0x0000000008000622        0xc ./Core/Src/stm32f1xx_it.o
                0x0000000008000622                SysTick_Handler
 *fill*         0x000000000800062e        0x2 
 .text.DMA1_Channel3_IRQHandler
                0x0000000008000630       0x14 ./Core/Src/stm32f1xx_it.o
                0x0000000008000630                DMA1_Channel3_IRQHandler
 .text.SystemInit
                0x0000000008000644        0xc ./Core/Src/system_stm32f1xx.o
                0x0000000008000644                SystemInit
 .text.Reset_Handler
                0x0000000008000650       0x48 ./Core/Startup/startup_stm32f103rctx.o
                0x0000000008000650                Reset_Handler
 .text.Default_Handler
                0x0000000008000698        0x2 ./Core/Startup/startup_stm32f103rctx.o
                0x0000000008000698                RTC_Alarm_IRQHandler
                0x0000000008000698                EXTI2_IRQHandler
                0x0000000008000698                TIM8_TRG_COM_IRQHandler
                0x0000000008000698                TIM8_CC_IRQHandler
                0x0000000008000698                TIM1_CC_IRQHandler
                0x0000000008000698                TIM6_IRQHandler
                0x0000000008000698                PVD_IRQHandler
                0x0000000008000698                SDIO_IRQHandler
                0x0000000008000698                EXTI3_IRQHandler
                0x0000000008000698                EXTI0_IRQHandler
                0x0000000008000698                I2C2_EV_IRQHandler
                0x0000000008000698                ADC1_2_IRQHandler
                0x0000000008000698                SPI1_IRQHandler
                0x0000000008000698                TAMPER_IRQHandler
                0x0000000008000698                TIM8_UP_IRQHandler
                0x0000000008000698                DMA2_Channel2_IRQHandler
                0x0000000008000698                DMA1_Channel4_IRQHandler
                0x0000000008000698                USART3_IRQHandler
                0x0000000008000698                RTC_IRQHandler
                0x0000000008000698                DMA1_Channel7_IRQHandler
                0x0000000008000698                CAN1_RX1_IRQHandler
                0x0000000008000698                UART5_IRQHandler
                0x0000000008000698                ADC3_IRQHandler
                0x0000000008000698                TIM4_IRQHandler
                0x0000000008000698                DMA2_Channel1_IRQHandler
                0x0000000008000698                I2C1_EV_IRQHandler
                0x0000000008000698                DMA1_Channel6_IRQHandler
                0x0000000008000698                UART4_IRQHandler
                0x0000000008000698                TIM3_IRQHandler
                0x0000000008000698                RCC_IRQHandler
                0x0000000008000698                TIM1_TRG_COM_IRQHandler
                0x0000000008000698                DMA1_Channel1_IRQHandler
                0x0000000008000698                Default_Handler
                0x0000000008000698                EXTI15_10_IRQHandler
                0x0000000008000698                TIM7_IRQHandler
                0x0000000008000698                TIM5_IRQHandler
                0x0000000008000698                EXTI9_5_IRQHandler
                0x0000000008000698                SPI2_IRQHandler
                0x0000000008000698                DMA1_Channel5_IRQHandler
                0x0000000008000698                EXTI4_IRQHandler
                0x0000000008000698                USB_LP_CAN1_RX0_IRQHandler
                0x0000000008000698                USB_HP_CAN1_TX_IRQHandler
                0x0000000008000698                FSMC_IRQHandler
                0x0000000008000698                TIM1_UP_IRQHandler
                0x0000000008000698                WWDG_IRQHandler
                0x0000000008000698                TIM2_IRQHandler
                0x0000000008000698                TIM1_BRK_IRQHandler
                0x0000000008000698                EXTI1_IRQHandler
                0x0000000008000698                DMA2_Channel4_5_IRQHandler
                0x0000000008000698                USART2_IRQHandler
                0x0000000008000698                I2C2_ER_IRQHandler
                0x0000000008000698                DMA1_Channel2_IRQHandler
                0x0000000008000698                TIM8_BRK_IRQHandler
                0x0000000008000698                CAN1_SCE_IRQHandler
                0x0000000008000698                FLASH_IRQHandler
                0x0000000008000698                USART1_IRQHandler
                0x0000000008000698                SPI3_IRQHandler
                0x0000000008000698                I2C1_ER_IRQHandler
                0x0000000008000698                USBWakeUp_IRQHandler
                0x0000000008000698                DMA2_Channel3_IRQHandler
 *fill*         0x000000000800069a        0x2 
 .text.HAL_Init
                0x000000000800069c       0x2c ./Drivers/STM32F1xx_HAL_Driver/Src/stm32f1xx_hal.o
                0x000000000800069c                HAL_Init
 .text.HAL_InitTick
                0x00000000080006c8       0x60 ./Drivers/STM32F1xx_HAL_Driver/Src/stm32f1xx_hal.o
                0x00000000080006c8                HAL_InitTick
 .text.HAL_IncTick
                0x0000000008000728       0x24 ./Drivers/STM32F1xx_HAL_Driver/Src/stm32f1xx_hal.o
                0x0000000008000728                HAL_IncTick
 .text.HAL_GetTick
                0x000000000800074c       0x14 ./Drivers/STM32F1xx_HAL_Driver/Src/stm32f1xx_hal.o
                0x000000000800074c                HAL_GetTick
 .text.__NVIC_SetPriorityGrouping
                0x0000000008000760       0x48 ./Drivers/STM32F1xx_HAL_Driver/Src/stm32f1xx_hal_cortex.o
 .text.__NVIC_GetPriorityGrouping
                0x00000000080007a8       0x1c ./Drivers/STM32F1xx_HAL_Driver/Src/stm32f1xx_hal_cortex.o
 .text.__NVIC_EnableIRQ
                0x00000000080007c4       0x38 ./Drivers/STM32F1xx_HAL_Driver/Src/stm32f1xx_hal_cortex.o
 .text.__NVIC_SetPriority
                0x00000000080007fc       0x54 ./Drivers/STM32F1xx_HAL_Driver/Src/stm32f1xx_hal_cortex.o
 .text.NVIC_EncodePriority
                0x0000000008000850       0x64 ./Drivers/STM32F1xx_HAL_Driver/Src/stm32f1xx_hal_cortex.o
 .text.SysTick_Config
                0x00000000080008b4       0x44 ./Drivers/STM32F1xx_HAL_Driver/Src/stm32f1xx_hal_cortex.o
 .text.HAL_NVIC_SetPriorityGrouping
                0x00000000080008f8       0x16 ./Drivers/STM32F1xx_HAL_Driver/Src/stm32f1xx_hal_cortex.o
                0x00000000080008f8                HAL_NVIC_SetPriorityGrouping
 .text.HAL_NVIC_SetPriority
                0x000000000800090e       0x38 ./Drivers/STM32F1xx_HAL_Driver/Src/stm32f1xx_hal_cortex.o
                0x000000000800090e                HAL_NVIC_SetPriority
 .text.HAL_NVIC_EnableIRQ
                0x0000000008000946       0x1c ./Drivers/STM32F1xx_HAL_Driver/Src/stm32f1xx_hal_cortex.o
                0x0000000008000946                HAL_NVIC_EnableIRQ
 .text.HAL_SYSTICK_Config
                0x0000000008000962       0x18 ./Drivers/STM32F1xx_HAL_Driver/Src/stm32f1xx_hal_cortex.o
                0x0000000008000962                HAL_SYSTICK_Config
 *fill*         0x000000000800097a        0x2 
 .text.HAL_DMA_Init
                0x000000000800097c       0xec ./Drivers/STM32F1xx_HAL_Driver/Src/stm32f1xx_hal_dma.o
                0x000000000800097c                HAL_DMA_Init
 .text.HAL_DMA_IRQHandler
                0x0000000008000a68      0x478 ./Drivers/STM32F1xx_HAL_Driver/Src/stm32f1xx_hal_dma.o
                0x0000000008000a68                HAL_DMA_IRQHandler
 .text.HAL_GPIO_Init
                0x0000000008000ee0      0x328 ./Drivers/STM32F1xx_HAL_Driver/Src/stm32f1xx_hal_gpio.o
                0x0000000008000ee0                HAL_GPIO_Init
 .text.HAL_RCC_OscConfig
                0x0000000008001208      0x504 ./Drivers/STM32F1xx_HAL_Driver/Src/stm32f1xx_hal_rcc.o
                0x0000000008001208                HAL_RCC_OscConfig
 .text.HAL_RCC_ClockConfig
                0x000000000800170c      0x1d4 ./Drivers/STM32F1xx_HAL_Driver/Src/stm32f1xx_hal_rcc.o
                0x000000000800170c                HAL_RCC_ClockConfig
 .text.HAL_RCC_GetSysClockFreq
                0x00000000080018e0       0xa8 ./Drivers/STM32F1xx_HAL_Driver/Src/stm32f1xx_hal_rcc.o
                0x00000000080018e0                HAL_RCC_GetSysClockFreq
 .text.RCC_Delay
                0x0000000008001988       0x3c ./Drivers/STM32F1xx_HAL_Driver/Src/stm32f1xx_hal_rcc.o
 .text.HAL_SPI_Init
                0x00000000080019c4      0x108 ./Drivers/STM32F1xx_HAL_Driver/Src/stm32f1xx_hal_spi.o
                0x00000000080019c4                HAL_SPI_Init
 .text.memset   0x0000000008001acc       0x10 C:/ST/STM32CubeIDE_1.14.1/STM32CubeIDE/plugins/com.st.stm32cube.ide.mcu.externaltools.gnu-tools-for-stm32.11.3.rel1.win32_1.1.100.202309141235/tools/bin/../lib/gcc/arm-none-eabi/11.3.1/../../../../arm-none-eabi/lib/thumb/v7-m/nofp\libc_nano.a(libc_a-memset.o)
                0x0000000008001acc                memset
 .text.__libc_init_array
                0x0000000008001adc       0x48 C:/ST/STM32CubeIDE_1.14.1/STM32CubeIDE/plugins/com.st.stm32cube.ide.mcu.externaltools.gnu-tools-for-stm32.11.3.rel1.win32_1.1.100.202309141235/tools/bin/../lib/gcc/arm-none-eabi/11.3.1/../../../../arm-none-eabi/lib/thumb/v7-m/nofp\libc_nano.a(libc_a-init.o)
                0x0000000008001adc                __libc_init_array
 *(.glue_7)
 .glue_7        0x0000000008001b24        0x0 linker stubs
 *(.glue_7t)
 .glue_7t       0x0000000008001b24        0x0 linker stubs
 *(.eh_frame)
 .eh_frame      0x0000000008001b24        0x0 C:/ST/STM32CubeIDE_1.14.1/STM32CubeIDE/plugins/com.st.stm32cube.ide.mcu.externaltools.gnu-tools-for-stm32.11.3.rel1.win32_1.1.100.202309141235/tools/bin/../lib/gcc/arm-none-eabi/11.3.1/thumb/v7-m/nofp/crtbegin.o
 *(.init)
 .init          0x0000000008001b24        0x4 C:/ST/STM32CubeIDE_1.14.1/STM32CubeIDE/plugins/com.st.stm32cube.ide.mcu.externaltools.gnu-tools-for-stm32.11.3.rel1.win32_1.1.100.202309141235/tools/bin/../lib/gcc/arm-none-eabi/11.3.1/thumb/v7-m/nofp/crti.o
                0x0000000008001b24                _init
 .init          0x0000000008001b28        0x8 C:/ST/STM32CubeIDE_1.14.1/STM32CubeIDE/plugins/com.st.stm32cube.ide.mcu.externaltools.gnu-tools-for-stm32.11.3.rel1.win32_1.1.100.202309141235/tools/bin/../lib/gcc/arm-none-eabi/11.3.1/thumb/v7-m/nofp/crtn.o
 *(.fini)
 .fini          0x0000000008001b30        0x4 C:/ST/STM32CubeIDE_1.14.1/STM32CubeIDE/plugins/com.st.stm32cube.ide.mcu.externaltools.gnu-tools-for-stm32.11.3.rel1.win32_1.1.100.202309141235/tools/bin/../lib/gcc/arm-none-eabi/11.3.1/thumb/v7-m/nofp/crti.o
                0x0000000008001b30                _fini
 .fini          0x0000000008001b34        0x8 C:/ST/STM32CubeIDE_1.14.1/STM32CubeIDE/plugins/com.st.stm32cube.ide.mcu.externaltools.gnu-tools-for-stm32.11.3.rel1.win32_1.1.100.202309141235/tools/bin/../lib/gcc/arm-none-eabi/11.3.1/thumb/v7-m/nofp/crtn.o
                0x0000000008001b3c                . = ALIGN (0x4)
                0x0000000008001b3c                _etext = .

.vfp11_veneer   0x0000000008001b3c        0x0
 .vfp11_veneer  0x0000000008001b3c        0x0 linker stubs

.v4_bx          0x0000000008001b3c        0x0
 .v4_bx         0x0000000008001b3c        0x0 linker stubs

.iplt           0x0000000008001b3c        0x0
 .iplt          0x0000000008001b3c        0x0 C:/ST/STM32CubeIDE_1.14.1/STM32CubeIDE/plugins/com.st.stm32cube.ide.mcu.externaltools.gnu-tools-for-stm32.11.3.rel1.win32_1.1.100.202309141235/tools/bin/../lib/gcc/arm-none-eabi/11.3.1/thumb/v7-m/nofp/crtbegin.o

.rodata         0x0000000008001b3c       0x24
                0x0000000008001b3c                . = ALIGN (0x4)
 *(.rodata)
 *(.rodata*)
 .rodata.AHBPrescTable
                0x0000000008001b3c       0x10 ./Core/Src/system_stm32f1xx.o
                0x0000000008001b3c                AHBPrescTable
 .rodata.aPLLMULFactorTable.1
                0x0000000008001b4c       0x10 ./Drivers/STM32F1xx_HAL_Driver/Src/stm32f1xx_hal_rcc.o
 .rodata.aPredivFactorTable.0
                0x0000000008001b5c        0x2 ./Drivers/STM32F1xx_HAL_Driver/Src/stm32f1xx_hal_rcc.o
                0x0000000008001b60                . = ALIGN (0x4)
 *fill*         0x0000000008001b5e        0x2 

.rel.dyn        0x0000000008001b60        0x0
 .rel.iplt      0x0000000008001b60        0x0 C:/ST/STM32CubeIDE_1.14.1/STM32CubeIDE/plugins/com.st.stm32cube.ide.mcu.externaltools.gnu-tools-for-stm32.11.3.rel1.win32_1.1.100.202309141235/tools/bin/../lib/gcc/arm-none-eabi/11.3.1/thumb/v7-m/nofp/crtbegin.o

.ARM.extab      0x0000000008001b60        0x0
                0x0000000008001b60                . = ALIGN (0x4)
 *(.ARM.extab* .gnu.linkonce.armextab.*)
                0x0000000008001b60                . = ALIGN (0x4)

.ARM            0x0000000008001b60        0x0
                0x0000000008001b60                . = ALIGN (0x4)
                0x0000000008001b60                __exidx_start = .
 *(.ARM.exidx*)
                0x0000000008001b60                __exidx_end = .
                0x0000000008001b60                . = ALIGN (0x4)

.preinit_array  0x0000000008001b60        0x0
                0x0000000008001b60                . = ALIGN (0x4)
                0x0000000008001b60                PROVIDE (__preinit_array_start = .)
 *(.preinit_array*)
                0x0000000008001b60                PROVIDE (__preinit_array_end = .)
                0x0000000008001b60                . = ALIGN (0x4)

.init_array     0x0000000008001b60        0x4
                0x0000000008001b60                . = ALIGN (0x4)
                0x0000000008001b60                PROVIDE (__init_array_start = .)
 *(SORT_BY_NAME(.init_array.*))
 *(.init_array*)
 .init_array    0x0000000008001b60        0x4 C:/ST/STM32CubeIDE_1.14.1/STM32CubeIDE/plugins/com.st.stm32cube.ide.mcu.externaltools.gnu-tools-for-stm32.11.3.rel1.win32_1.1.100.202309141235/tools/bin/../lib/gcc/arm-none-eabi/11.3.1/thumb/v7-m/nofp/crtbegin.o
                0x0000000008001b64                PROVIDE (__init_array_end = .)
                0x0000000008001b64                . = ALIGN (0x4)

.fini_array     0x0000000008001b64        0x4
                0x0000000008001b64                . = ALIGN (0x4)
                [!provide]                        PROVIDE (__fini_array_start = .)
 *(SORT_BY_NAME(.fini_array.*))
 *(.fini_array*)
 .fini_array    0x0000000008001b64        0x4 C:/ST/STM32CubeIDE_1.14.1/STM32CubeIDE/plugins/com.st.stm32cube.ide.mcu.externaltools.gnu-tools-for-stm32.11.3.rel1.win32_1.1.100.202309141235/tools/bin/../lib/gcc/arm-none-eabi/11.3.1/thumb/v7-m/nofp/crtbegin.o
                [!provide]                        PROVIDE (__fini_array_end = .)
                0x0000000008001b68                . = ALIGN (0x4)
                0x0000000008001b68                _sidata = LOADADDR (.data)

.data           0x0000000020000000        0xc load address 0x0000000008001b68
                0x0000000020000000                . = ALIGN (0x4)
                0x0000000020000000                _sdata = .
 *(.data)
 *(.data*)
 .data.SystemCoreClock
                0x0000000020000000        0x4 ./Core/Src/system_stm32f1xx.o
                0x0000000020000000                SystemCoreClock
 .data.uwTickPrio
                0x0000000020000004        0x4 ./Drivers/STM32F1xx_HAL_Driver/Src/stm32f1xx_hal.o
                0x0000000020000004                uwTickPrio
 .data.uwTickFreq
                0x0000000020000008        0x1 ./Drivers/STM32F1xx_HAL_Driver/Src/stm32f1xx_hal.o
                0x0000000020000008                uwTickFreq
 *(.RamFunc)
 *(.RamFunc*)
                0x000000002000000c                . = ALIGN (0x4)
 *fill*         0x0000000020000009        0x3 
                0x000000002000000c                _edata = .

.igot.plt       0x000000002000000c        0x0 load address 0x0000000008001b74
 .igot.plt      0x000000002000000c        0x0 C:/ST/STM32CubeIDE_1.14.1/STM32CubeIDE/plugins/com.st.stm32cube.ide.mcu.externaltools.gnu-tools-for-stm32.11.3.rel1.win32_1.1.100.202309141235/tools/bin/../lib/gcc/arm-none-eabi/11.3.1/thumb/v7-m/nofp/crtbegin.o
                0x000000002000000c                . = ALIGN (0x4)

.bss            0x000000002000000c      0x114 load address 0x0000000008001b74
                0x000000002000000c                _sbss = .
                0x000000002000000c                __bss_start__ = _sbss
 *(.bss)
 .bss           0x000000002000000c       0x1c C:/ST/STM32CubeIDE_1.14.1/STM32CubeIDE/plugins/com.st.stm32cube.ide.mcu.externaltools.gnu-tools-for-stm32.11.3.rel1.win32_1.1.100.202309141235/tools/bin/../lib/gcc/arm-none-eabi/11.3.1/thumb/v7-m/nofp/crtbegin.o
 *(.bss*)
 .bss.hspi1     0x0000000020000028       0x58 ./Core/Src/main.o
                0x0000000020000028                hspi1
 .bss.hspi2     0x0000000020000080       0x58 ./Core/Src/main.o
                0x0000000020000080                hspi2
 .bss.hdma_spi1_tx
                0x00000000200000d8       0x44 ./Core/Src/main.o
                0x00000000200000d8                hdma_spi1_tx
 .bss.uwTick    0x000000002000011c        0x4 ./Drivers/STM32F1xx_HAL_Driver/Src/stm32f1xx_hal.o
                0x000000002000011c                uwTick
 *(COMMON)
                0x0000000020000120                . = ALIGN (0x4)
                0x0000000020000120                _ebss = .
                0x0000000020000120                __bss_end__ = _ebss

._user_heap_stack
                0x0000000020000120      0x600 load address 0x0000000008001b74
                0x0000000020000120                . = ALIGN (0x8)
                [!provide]                        PROVIDE (end = .)
                0x0000000020000120                PROVIDE (_end = .)
                0x0000000020000320                . = (. + _Min_Heap_Size)
 *fill*         0x0000000020000120      0x200 
                0x0000000020000720                . = (. + _Min_Stack_Size)
 *fill*         0x0000000020000320      0x400 
                0x0000000020000720                . = ALIGN (0x8)

/DISCARD/
 libc.a(*)
 libm.a(*)
 libgcc.a(*)

.ARM.attributes
                0x0000000000000000       0x29
 *(.ARM.attributes)
 .ARM.attributes
                0x0000000000000000       0x1d C:/ST/STM32CubeIDE_1.14.1/STM32CubeIDE/plugins/com.st.stm32cube.ide.mcu.externaltools.gnu-tools-for-stm32.11.3.rel1.win32_1.1.100.202309141235/tools/bin/../lib/gcc/arm-none-eabi/11.3.1/thumb/v7-m/nofp/crti.o
 .ARM.attributes
                0x000000000000001d       0x2d C:/ST/STM32CubeIDE_1.14.1/STM32CubeIDE/plugins/com.st.stm32cube.ide.mcu.externaltools.gnu-tools-for-stm32.11.3.rel1.win32_1.1.100.202309141235/tools/bin/../lib/gcc/arm-none-eabi/11.3.1/thumb/v7-m/nofp/crtbegin.o
 .ARM.attributes
                0x000000000000004a       0x2d ./Core/Src/main.o
 .ARM.attributes
                0x0000000000000077       0x2d ./Core/Src/stm32f1xx_hal_msp.o
 .ARM.attributes
                0x00000000000000a4       0x2d ./Core/Src/stm32f1xx_it.o
 .ARM.attributes
                0x00000000000000d1       0x2d ./Core/Src/system_stm32f1xx.o
 .ARM.attributes
                0x00000000000000fe       0x21 ./Core/Startup/startup_stm32f103rctx.o
 .ARM.attributes
                0x000000000000011f       0x2d ./Drivers/STM32F1xx_HAL_Driver/Src/stm32f1xx_hal.o
 .ARM.attributes
                0x000000000000014c       0x2d ./Drivers/STM32F1xx_HAL_Driver/Src/stm32f1xx_hal_cortex.o
 .ARM.attributes
                0x0000000000000179       0x2d ./Drivers/STM32F1xx_HAL_Driver/Src/stm32f1xx_hal_dma.o
 .ARM.attributes
                0x00000000000001a6       0x2d ./Drivers/STM32F1xx_HAL_Driver/Src/stm32f1xx_hal_gpio.o
 .ARM.attributes
                0x00000000000001d3       0x2d ./Drivers/STM32F1xx_HAL_Driver/Src/stm32f1xx_hal_rcc.o
 .ARM.attributes
                0x0000000000000200       0x2d ./Drivers/STM32F1xx_HAL_Driver/Src/stm32f1xx_hal_spi.o
 .ARM.attributes
                0x000000000000022d       0x2d C:/ST/STM32CubeIDE_1.14.1/STM32CubeIDE/plugins/com.st.stm32cube.ide.mcu.externaltools.gnu-tools-for-stm32.11.3.rel1.win32_1.1.100.202309141235/tools/bin/../lib/gcc/arm-none-eabi/11.3.1/../../../../arm-none-eabi/lib/thumb/v7-m/nofp\libc_nano.a(libc_a-memset.o)
 .ARM.attributes
                0x000000000000025a       0x2d C:/ST/STM32CubeIDE_1.14.1/STM32CubeIDE/plugins/com.st.stm32cube.ide.mcu.externaltools.gnu-tools-for-stm32.11.3.rel1.win32_1.1.100.202309141235/tools/bin/../lib/gcc/arm-none-eabi/11.3.1/../../../../arm-none-eabi/lib/thumb/v7-m/nofp\libc_nano.a(libc_a-init.o)
 .ARM.attributes
                0x0000000000000287       0x1d C:/ST/STM32CubeIDE_1.14.1/STM32CubeIDE/plugins/com.st.stm32cube.ide.mcu.externaltools.gnu-tools-for-stm32.11.3.rel1.win32_1.1.100.202309141235/tools/bin/../lib/gcc/arm-none-eabi/11.3.1/thumb/v7-m/nofp/crtn.o
OUTPUT(BLT_ESD.elf elf32-littlearm)
LOAD linker stubs
LOAD C:/ST/STM32CubeIDE_1.14.1/STM32CubeIDE/plugins/com.st.stm32cube.ide.mcu.externaltools.gnu-tools-for-stm32.11.3.rel1.win32_1.1.100.202309141235/tools/bin/../lib/gcc/arm-none-eabi/11.3.1/../../../../arm-none-eabi/lib/thumb/v7-m/nofp\libc.a
LOAD C:/ST/STM32CubeIDE_1.14.1/STM32CubeIDE/plugins/com.st.stm32cube.ide.mcu.externaltools.gnu-tools-for-stm32.11.3.rel1.win32_1.1.100.202309141235/tools/bin/../lib/gcc/arm-none-eabi/11.3.1/../../../../arm-none-eabi/lib/thumb/v7-m/nofp\libm.a
LOAD C:/ST/STM32CubeIDE_1.14.1/STM32CubeIDE/plugins/com.st.stm32cube.ide.mcu.externaltools.gnu-tools-for-stm32.11.3.rel1.win32_1.1.100.202309141235/tools/bin/../lib/gcc/arm-none-eabi/11.3.1/thumb/v7-m/nofp\libgcc.a

.comment        0x0000000000000000       0x43
 .comment       0x0000000000000000       0x43 C:/ST/STM32CubeIDE_1.14.1/STM32CubeIDE/plugins/com.st.stm32cube.ide.mcu.externaltools.gnu-tools-for-stm32.11.3.rel1.win32_1.1.100.202309141235/tools/bin/../lib/gcc/arm-none-eabi/11.3.1/thumb/v7-m/nofp/crtbegin.o
                                         0x44 (size before relaxing)
 .comment       0x0000000000000043       0x44 ./Core/Src/main.o
 .comment       0x0000000000000043       0x44 ./Core/Src/stm32f1xx_hal_msp.o
 .comment       0x0000000000000043       0x44 ./Core/Src/stm32f1xx_it.o
 .comment       0x0000000000000043       0x44 ./Core/Src/system_stm32f1xx.o
 .comment       0x0000000000000043       0x44 ./Drivers/STM32F1xx_HAL_Driver/Src/stm32f1xx_hal.o
 .comment       0x0000000000000043       0x44 ./Drivers/STM32F1xx_HAL_Driver/Src/stm32f1xx_hal_cortex.o
 .comment       0x0000000000000043       0x44 ./Drivers/STM32F1xx_HAL_Driver/Src/stm32f1xx_hal_dma.o
 .comment       0x0000000000000043       0x44 ./Drivers/STM32F1xx_HAL_Driver/Src/stm32f1xx_hal_gpio.o
 .comment       0x0000000000000043       0x44 ./Drivers/STM32F1xx_HAL_Driver/Src/stm32f1xx_hal_rcc.o
 .comment       0x0000000000000043       0x44 ./Drivers/STM32F1xx_HAL_Driver/Src/stm32f1xx_hal_spi.o

.debug_info     0x0000000000000000     0x54c9
 .debug_info    0x0000000000000000      0xaa6 ./Core/Src/main.o
 .debug_info    0x0000000000000aa6      0x8c8 ./Core/Src/stm32f1xx_hal_msp.o
 .debug_info    0x000000000000136e      0x35e ./Core/Src/stm32f1xx_it.o
 .debug_info    0x00000000000016cc      0x222 ./Core/Src/system_stm32f1xx.o
 .debug_info    0x00000000000018ee       0x23 ./Core/Startup/startup_stm32f103rctx.o
 .debug_info    0x0000000000001911      0x76a ./Drivers/STM32F1xx_HAL_Driver/Src/stm32f1xx_hal.o
 .debug_info    0x000000000000207b      0xaed ./Drivers/STM32F1xx_HAL_Driver/Src/stm32f1xx_hal_cortex.o
 .debug_info    0x0000000000002b68      0x6d2 ./Drivers/STM32F1xx_HAL_Driver/Src/stm32f1xx_hal_dma.o
 .debug_info    0x000000000000323a      0x5ab ./Drivers/STM32F1xx_HAL_Driver/Src/stm32f1xx_hal_gpio.o
 .debug_info    0x00000000000037e5      0x7d5 ./Drivers/STM32F1xx_HAL_Driver/Src/stm32f1xx_hal_rcc.o
 .debug_info    0x0000000000003fba     0x150f ./Drivers/STM32F1xx_HAL_Driver/Src/stm32f1xx_hal_spi.o

.debug_abbrev   0x0000000000000000     0x14fa
 .debug_abbrev  0x0000000000000000      0x252 ./Core/Src/main.o
 .debug_abbrev  0x0000000000000252      0x1e4 ./Core/Src/stm32f1xx_hal_msp.o
 .debug_abbrev  0x0000000000000436      0x16e ./Core/Src/stm32f1xx_it.o
 .debug_abbrev  0x00000000000005a4      0x13f ./Core/Src/system_stm32f1xx.o
 .debug_abbrev  0x00000000000006e3       0x12 ./Core/Startup/startup_stm32f103rctx.o
 .debug_abbrev  0x00000000000006f5      0x201 ./Drivers/STM32F1xx_HAL_Driver/Src/stm32f1xx_hal.o
 .debug_abbrev  0x00000000000008f6      0x2f8 ./Drivers/STM32F1xx_HAL_Driver/Src/stm32f1xx_hal_cortex.o
 .debug_abbrev  0x0000000000000bee      0x20b ./Drivers/STM32F1xx_HAL_Driver/Src/stm32f1xx_hal_dma.o
 .debug_abbrev  0x0000000000000df9      0x1ca ./Drivers/STM32F1xx_HAL_Driver/Src/stm32f1xx_hal_gpio.o
 .debug_abbrev  0x0000000000000fc3      0x2b3 ./Drivers/STM32F1xx_HAL_Driver/Src/stm32f1xx_hal_rcc.o
 .debug_abbrev  0x0000000000001276      0x284 ./Drivers/STM32F1xx_HAL_Driver/Src/stm32f1xx_hal_spi.o

.debug_aranges  0x0000000000000000      0x650
 .debug_aranges
                0x0000000000000000       0x50 ./Core/Src/main.o
 .debug_aranges
                0x0000000000000050       0x30 ./Core/Src/stm32f1xx_hal_msp.o
 .debug_aranges
                0x0000000000000080       0x68 ./Core/Src/stm32f1xx_it.o
 .debug_aranges
                0x00000000000000e8       0x28 ./Core/Src/system_stm32f1xx.o
 .debug_aranges
                0x0000000000000110       0x28 ./Core/Startup/startup_stm32f103rctx.o
 .debug_aranges
                0x0000000000000138       0xe0 ./Drivers/STM32F1xx_HAL_Driver/Src/stm32f1xx_hal.o
 .debug_aranges
                0x0000000000000218      0x100 ./Drivers/STM32F1xx_HAL_Driver/Src/stm32f1xx_hal_cortex.o
 .debug_aranges
                0x0000000000000318       0x80 ./Drivers/STM32F1xx_HAL_Driver/Src/stm32f1xx_hal_dma.o
 .debug_aranges
                0x0000000000000398       0x58 ./Drivers/STM32F1xx_HAL_Driver/Src/stm32f1xx_hal_gpio.o
 .debug_aranges
                0x00000000000003f0       0x90 ./Drivers/STM32F1xx_HAL_Driver/Src/stm32f1xx_hal_rcc.o
 .debug_aranges
                0x0000000000000480      0x1d0 ./Drivers/STM32F1xx_HAL_Driver/Src/stm32f1xx_hal_spi.o

.debug_rnglists
                0x0000000000000000      0x4ae
 .debug_rnglists
                0x0000000000000000       0x37 ./Core/Src/main.o
 .debug_rnglists
                0x0000000000000037       0x20 ./Core/Src/stm32f1xx_hal_msp.o
 .debug_rnglists
                0x0000000000000057       0x49 ./Core/Src/stm32f1xx_it.o
 .debug_rnglists
                0x00000000000000a0       0x1a ./Core/Src/system_stm32f1xx.o
 .debug_rnglists
                0x00000000000000ba       0x19 ./Core/Startup/startup_stm32f103rctx.o
 .debug_rnglists
                0x00000000000000d3       0xa3 ./Drivers/STM32F1xx_HAL_Driver/Src/stm32f1xx_hal.o
 .debug_rnglists
                0x0000000000000176       0xbb ./Drivers/STM32F1xx_HAL_Driver/Src/stm32f1xx_hal_cortex.o
 .debug_rnglists
                0x0000000000000231       0x64 ./Drivers/STM32F1xx_HAL_Driver/Src/stm32f1xx_hal_dma.o
 .debug_rnglists
                0x0000000000000295       0x3f ./Drivers/STM32F1xx_HAL_Driver/Src/stm32f1xx_hal_gpio.o
 .debug_rnglists
                0x00000000000002d4       0x6c ./Drivers/STM32F1xx_HAL_Driver/Src/stm32f1xx_hal_rcc.o
 .debug_rnglists
                0x0000000000000340      0x16e ./Drivers/STM32F1xx_HAL_Driver/Src/stm32f1xx_hal_spi.o

.debug_macro    0x0000000000000000    0x17e4b
 .debug_macro   0x0000000000000000      0x198 ./Core/Src/main.o
 .debug_macro   0x0000000000000198      0xa9c ./Core/Src/main.o
 .debug_macro   0x0000000000000c34      0x21b ./Core/Src/main.o
 .debug_macro   0x0000000000000e4f       0x2e ./Core/Src/main.o
 .debug_macro   0x0000000000000e7d       0x22 ./Core/Src/main.o
 .debug_macro   0x0000000000000e9f       0x22 ./Core/Src/main.o
 .debug_macro   0x0000000000000ec1       0x8e ./Core/Src/main.o
 .debug_macro   0x0000000000000f4f       0x51 ./Core/Src/main.o
 .debug_macro   0x0000000000000fa0      0x103 ./Core/Src/main.o
 .debug_macro   0x00000000000010a3       0x6a ./Core/Src/main.o
 .debug_macro   0x000000000000110d      0x1df ./Core/Src/main.o
 .debug_macro   0x00000000000012ec       0x1c ./Core/Src/main.o
 .debug_macro   0x0000000000001308       0x22 ./Core/Src/main.o
 .debug_macro   0x000000000000132a       0xbd ./Core/Src/main.o
 .debug_macro   0x00000000000013e7      0xd23 ./Core/Src/main.o
 .debug_macro   0x000000000000210a     0xfd8c ./Core/Src/main.o
 .debug_macro   0x0000000000011e96       0x6d ./Core/Src/main.o
 .debug_macro   0x0000000000011f03     0x348d ./Core/Src/main.o
 .debug_macro   0x0000000000015390      0x174 ./Core/Src/main.o
 .debug_macro   0x0000000000015504       0x5c ./Core/Src/main.o
 .debug_macro   0x0000000000015560      0x5bc ./Core/Src/main.o
 .debug_macro   0x0000000000015b1c      0x4d5 ./Core/Src/main.o
 .debug_macro   0x0000000000015ff1      0x1cb ./Core/Src/main.o
 .debug_macro   0x00000000000161bc      0x114 ./Core/Src/main.o
 .debug_macro   0x00000000000162d0      0x1ea ./Core/Src/main.o
 .debug_macro   0x00000000000164ba       0x27 ./Core/Src/main.o
 .debug_macro   0x00000000000164e1      0x144 ./Core/Src/main.o
 .debug_macro   0x0000000000016625      0x1bc ./Core/Src/main.o
 .debug_macro   0x00000000000167e1       0x30 ./Core/Src/main.o
 .debug_macro   0x0000000000016811       0x3c ./Core/Src/main.o
 .debug_macro   0x000000000001684d       0x57 ./Core/Src/main.o
 .debug_macro   0x00000000000168a4       0x87 ./Core/Src/main.o
 .debug_macro   0x000000000001692b      0x24f ./Core/Src/main.o
 .debug_macro   0x0000000000016b7a      0x140 ./Core/Src/main.o
 .debug_macro   0x0000000000016cba      0x217 ./Core/Src/main.o
 .debug_macro   0x0000000000016ed1       0xb5 ./Core/Src/main.o
 .debug_macro   0x0000000000016f86      0x198 ./Core/Src/stm32f1xx_hal_msp.o
 .debug_macro   0x000000000001711e      0x1a2 ./Core/Src/stm32f1xx_it.o
 .debug_macro   0x00000000000172c0      0x18e ./Core/Src/system_stm32f1xx.o
 .debug_macro   0x000000000001744e      0x1b2 ./Drivers/STM32F1xx_HAL_Driver/Src/stm32f1xx_hal.o
 .debug_macro   0x0000000000017600      0x18e ./Drivers/STM32F1xx_HAL_Driver/Src/stm32f1xx_hal_cortex.o
 .debug_macro   0x000000000001778e      0x18e ./Drivers/STM32F1xx_HAL_Driver/Src/stm32f1xx_hal_dma.o
 .debug_macro   0x000000000001791c      0x1f9 ./Drivers/STM32F1xx_HAL_Driver/Src/stm32f1xx_hal_gpio.o
 .debug_macro   0x0000000000017b15      0x1a0 ./Drivers/STM32F1xx_HAL_Driver/Src/stm32f1xx_hal_rcc.o
 .debug_macro   0x0000000000017cb5      0x196 ./Drivers/STM32F1xx_HAL_Driver/Src/stm32f1xx_hal_spi.o

.debug_line     0x0000000000000000     0x7a48
 .debug_line    0x0000000000000000      0x7f6 ./Core/Src/main.o
 .debug_line    0x00000000000007f6      0x782 ./Core/Src/stm32f1xx_hal_msp.o
 .debug_line    0x0000000000000f78      0x7ad ./Core/Src/stm32f1xx_it.o
 .debug_line    0x0000000000001725      0x751 ./Core/Src/system_stm32f1xx.o
 .debug_line    0x0000000000001e76       0x79 ./Core/Startup/startup_stm32f103rctx.o
 .debug_line    0x0000000000001eef      0x97e ./Drivers/STM32F1xx_HAL_Driver/Src/stm32f1xx_hal.o
 .debug_line    0x000000000000286d      0xb66 ./Drivers/STM32F1xx_HAL_Driver/Src/stm32f1xx_hal_cortex.o
 .debug_line    0x00000000000033d3     0x12a9 ./Drivers/STM32F1xx_HAL_Driver/Src/stm32f1xx_hal_dma.o
 .debug_line    0x000000000000467c      0xa3f ./Drivers/STM32F1xx_HAL_Driver/Src/stm32f1xx_hal_gpio.o
 .debug_line    0x00000000000050bb      0xd87 ./Drivers/STM32F1xx_HAL_Driver/Src/stm32f1xx_hal_rcc.o
 .debug_line    0x0000000000005e42     0x1c06 ./Drivers/STM32F1xx_HAL_Driver/Src/stm32f1xx_hal_spi.o

.debug_str      0x0000000000000000    0x8bd91
 .debug_str     0x0000000000000000    0x8a833 ./Core/Src/main.o
                                      0x8ad32 (size before relaxing)
 .debug_str     0x000000000008a833       0xfe ./Core/Src/stm32f1xx_hal_msp.o
                                      0x8a881 (size before relaxing)
 .debug_str     0x000000000008a931       0xf5 ./Core/Src/stm32f1xx_it.o
                                      0x8a5ea (size before relaxing)
 .debug_str     0x000000000008aa26       0x7e ./Core/Src/system_stm32f1xx.o
                                      0x8a3dc (size before relaxing)
 .debug_str     0x000000000008aaa4       0x34 ./Core/Startup/startup_stm32f103rctx.o
                                         0x54 (size before relaxing)
 .debug_str     0x000000000008aad8      0x384 ./Drivers/STM32F1xx_HAL_Driver/Src/stm32f1xx_hal.o
                                      0x8abf3 (size before relaxing)
 .debug_str     0x000000000008ae5c      0x2a8 ./Drivers/STM32F1xx_HAL_Driver/Src/stm32f1xx_hal_cortex.o
                                      0x8ab3f (size before relaxing)
 .debug_str     0x000000000008b104      0x20b ./Drivers/STM32F1xx_HAL_Driver/Src/stm32f1xx_hal_dma.o
                                      0x8a785 (size before relaxing)
 .debug_str     0x000000000008b30f      0x31d ./Drivers/STM32F1xx_HAL_Driver/Src/stm32f1xx_hal_gpio.o
                                      0x8a762 (size before relaxing)
 .debug_str     0x000000000008b62c      0x229 ./Drivers/STM32F1xx_HAL_Driver/Src/stm32f1xx_hal_rcc.o
                                      0x8a80b (size before relaxing)
 .debug_str     0x000000000008b855      0x53c ./Drivers/STM32F1xx_HAL_Driver/Src/stm32f1xx_hal_spi.o
                                      0x8ad0e (size before relaxing)

.debug_frame    0x0000000000000000     0x1820
 .debug_frame   0x0000000000000000       0xec ./Core/Src/main.o
 .debug_frame   0x00000000000000ec       0x80 ./Core/Src/stm32f1xx_hal_msp.o
 .debug_frame   0x000000000000016c      0x120 ./Core/Src/stm32f1xx_it.o
 .debug_frame   0x000000000000028c       0x58 ./Core/Src/system_stm32f1xx.o
 .debug_frame   0x00000000000002e4      0x334 ./Drivers/STM32F1xx_HAL_Driver/Src/stm32f1xx_hal.o
 .debug_frame   0x0000000000000618      0x428 ./Drivers/STM32F1xx_HAL_Driver/Src/stm32f1xx_hal_cortex.o
 .debug_frame   0x0000000000000a40      0x20c ./Drivers/STM32F1xx_HAL_Driver/Src/stm32f1xx_hal_dma.o
 .debug_frame   0x0000000000000c4c      0x14c ./Drivers/STM32F1xx_HAL_Driver/Src/stm32f1xx_hal_gpio.o
 .debug_frame   0x0000000000000d98      0x218 ./Drivers/STM32F1xx_HAL_Driver/Src/stm32f1xx_hal_rcc.o
 .debug_frame   0x0000000000000fb0      0x824 ./Drivers/STM32F1xx_HAL_Driver/Src/stm32f1xx_hal_spi.o
 .debug_frame   0x00000000000017d4       0x20 C:/ST/STM32CubeIDE_1.14.1/STM32CubeIDE/plugins/com.st.stm32cube.ide.mcu.externaltools.gnu-tools-for-stm32.11.3.rel1.win32_1.1.100.202309141235/tools/bin/../lib/gcc/arm-none-eabi/11.3.1/../../../../arm-none-eabi/lib/thumb/v7-m/nofp\libc_nano.a(libc_a-memset.o)
 .debug_frame   0x00000000000017f4       0x2c C:/ST/STM32CubeIDE_1.14.1/STM32CubeIDE/plugins/com.st.stm32cube.ide.mcu.externaltools.gnu-tools-for-stm32.11.3.rel1.win32_1.1.100.202309141235/tools/bin/../lib/gcc/arm-none-eabi/11.3.1/../../../../arm-none-eabi/lib/thumb/v7-m/nofp\libc_nano.a(libc_a-init.o)

.debug_line_str
                0x0000000000000000       0x48
 .debug_line_str
                0x0000000000000000       0x48 ./Core/Startup/startup_stm32f103rctx.o
                                         0x60 (size before relaxing)
