../Libs/Driver/ILI9341/ili9341.c:19:13:WriteCommand	16	static
../Libs/Driver/ILI9341/ili9341.c:25:13:WriteData	16	static
../Libs/Driver/ILI9341/ili9341.c:31:6:HAL_SPI_TxCpltCallback	16	static
../Libs/Driver/ILI9341/ili9341.c:36:6:ILI9341Reset	8	static
../Libs/Driver/ILI9341/ili9341.c:44:6:ILI9341Init	8	static
../Libs/Driver/ILI9341/ili9341.c:137:13:SetWindow	24	static
../Libs/Driver/ILI9341/ili9341.c:156:6:ILI9341Pixel	24	static
../Libs/Driver/ILI9341/ili9341.c:170:6:ILI9341DrawColourBitmap	32	static
../Libs/Driver/ILI9341/ili9341.c:181:6:ILI9341DrawMonoBitmap	176	static
../Libs/Driver/ILI9341/ili9341.c:234:6:ILI9341FilledRectangle	168	static
../Libs/Driver/ILI9341/ili9341.c:263:13:WriteDataDMA	16	static
../Libs/Driver/ILI9341/ili9341.c:269:13:WaitForDMAWriteComplete	4	static
